
> desarrollo_web@0.1.0 build
> next build

⚠ Warning: Next.js inferred your workspace root, but it may not be correct.
 We detected multiple lockfiles and selected the directory of C:\Users\oscar_francisco\package-lock.json as the root directory.
 To silence this warning, set `turbopack.root` in your Next.js config, or consider removing one of the lockfiles if it's not needed.
   See https://nextjs.org/docs/app/api-reference/config/next-config-js/turbopack#root-directory for more information.
 Detected additional lockfiles: 
   * C:\Users\oscar_francisco\OneDrive\Documentos\Proyectos\os CAR Performance\desarrollo_web\package-lock.json

▲ Next.js 16.1.4 (Turbopack)

  Creating an optimized production build ...
✓ Compiled successfully in 6.5s
  Running TypeScript ...
Failed to compile.

./src/components/ui/AutomotiveBackground.tsx:35:18
Type error: 'canvas' is possibly 'null'.

  33 |       constructor(x: number, phase: number) {
  34 |         this.x = x;
> 35 |         this.y = canvas.height * 0.6;
     |                  ^
  36 |         this.height = 0;
  37 |         this.maxHeight = 100;
  38 |         this.speed = 0.05;
Next.js build worker exited with code: 1 and signal: null
